// Jest Snapshot v1, https://goo.gl/fbAQLP

exports[`NonfungiblePositionManager #burn gas 1`] = `66076`;

exports[`NonfungiblePositionManager #collect gas transfers both 1`] = `118964`;

exports[`NonfungiblePositionManager #collect gas transfers token0 only 1`] = `111891`;

exports[`NonfungiblePositionManager #collect gas transfers token1 only 1`] = `112098`;

exports[`NonfungiblePositionManager #createAndInitializePoolIfNecessary gas 1`] = `4612043`;

exports[`NonfungiblePositionManager #decreaseLiquidity gas complete decrease 1`] = `166271`;

exports[`NonfungiblePositionManager #decreaseLiquidity gas partial decrease 1`] = `183005`;

exports[`NonfungiblePositionManager #increaseLiquidity gas 1`] = `199623`;

exports[`NonfungiblePositionManager #mint gas first mint for pool 1`] = `641162`;

exports[`NonfungiblePositionManager #mint gas first mint for pool using eth with non-zero refund 1`] = `652004`;

exports[`NonfungiblePositionManager #mint gas first mint for pool using eth with zero refund 1`] = `644779`;

exports[`NonfungiblePositionManager #mint gas mint for same pool, different ticks 1`] = `473624`;

exports[`NonfungiblePositionManager #mint gas mint on same ticks 1`] = `366494`;

exports[`NonfungiblePositionManager #permit owned by eoa gas 1`] = `64516`;

exports[`NonfungiblePositionManager #permit owned by verifying contract gas 1`] = `68313`;

exports[`NonfungiblePositionManager #positions gas 1`] = `19890`;

exports[`NonfungiblePositionManager #transferFrom gas 1`] = `109691`;

exports[`NonfungiblePositionManager #transferFrom gas comes from approved 1`] = `108291`;

exports[`NonfungiblePositionManager bytecode size 1`] = `25778`;

exports[`NonfungiblePositionManager multicall exit gas 1`] = `262344`;
