// Jest Snapshot v1, https://goo.gl/fbAQLP

exports[`NonfungiblePositionManager #burn gas 1`] = `66076`;

exports[`NonfungiblePositionManager #collect gas transfers both 1`] = `118967`;

exports[`NonfungiblePositionManager #collect gas transfers token0 only 1`] = `111894`;

exports[`NonfungiblePositionManager #collect gas transfers token1 only 1`] = `112101`;

exports[`NonfungiblePositionManager #createAndInitializePoolIfNecessary gas 1`] = `4612043`;

exports[`NonfungiblePositionManager #decreaseLiquidity gas complete decrease 1`] = `166049`;

exports[`NonfungiblePositionManager #decreaseLiquidity gas partial decrease 1`] = `182783`;

exports[`NonfungiblePositionManager #increaseLiquidity gas 1`] = `197318`;

exports[`NonfungiblePositionManager #mint gas first mint for pool 1`] = `640110`;

exports[`NonfungiblePositionManager #mint gas first mint for pool using eth with non-zero refund 1`] = `650966`;

exports[`NonfungiblePositionManager #mint gas first mint for pool using eth with zero refund 1`] = `643741`;

exports[`NonfungiblePositionManager #mint gas mint for same pool, different ticks 1`] = `472566`;

exports[`NonfungiblePositionManager #mint gas mint on same ticks 1`] = `365436`;

exports[`NonfungiblePositionManager #permit owned by eoa gas 1`] = `64516`;

exports[`NonfungiblePositionManager #permit owned by verifying contract gas 1`] = `68313`;

exports[`NonfungiblePositionManager #positions gas 1`] = `19912`;

exports[`NonfungiblePositionManager #transferFrom gas 1`] = `109691`;

exports[`NonfungiblePositionManager #transferFrom gas comes from approved 1`] = `108291`;

exports[`NonfungiblePositionManager bytecode size 1`] = `26031`;

exports[`NonfungiblePositionManager multicall exit gas 1`] = `248500`;
