// Jest Snapshot v1, https://goo.gl/fbAQLP

exports[`SwapRouter gas tests #exactInput 0 -> 1 -> 2 1`] = `193186`;

exports[`SwapRouter gas tests #exactInput 0 -> 1 1`] = `128447`;

exports[`SwapRouter gas tests #exactInput 0 -> 1 minimal 1`] = `98059`;

exports[`SwapRouter gas tests #exactInput 0 -> WETH9 1`] = `148680`;

exports[`SwapRouter gas tests #exactInput 2 trades (via router) 1`] = `246956`;

exports[`SwapRouter gas tests #exactInput 3 trades (directly to sender) 1`] = `309259`;

exports[`SwapRouter gas tests #exactInput WETH9 -> 0 1`] = `133257`;

exports[`SwapRouter gas tests #exactInputSingle 0 -> 1 1`] = `127823`;

exports[`SwapRouter gas tests #exactInputSingle 0 -> WETH9 1`] = `148050`;

exports[`SwapRouter gas tests #exactInputSingle WETH9 -> 0 1`] = `132758`;

exports[`SwapRouter gas tests #exactOutput 0 -> 1 -> 2 1`] = `190360`;

exports[`SwapRouter gas tests #exactOutput 0 -> 1 1`] = `132842`;

exports[`SwapRouter gas tests #exactOutput 0 -> WETH9 1`] = `149878`;

exports[`SwapRouter gas tests #exactOutput WETH9 -> 0 1`] = `148977`;

exports[`SwapRouter gas tests #exactOutputSingle 0 -> 1 1`] = `133052`;

exports[`SwapRouter gas tests #exactOutputSingle 0 -> WETH9 1`] = `150088`;

exports[`SwapRouter gas tests #exactOutputSingle WETH9 -> 0 1`] = `144681`;

exports[`SwapRouter gas tests 3 trades (directly to sender) 1`] = `223547`;
